components/CreateRoomModal.tsx(100,45): error TS2339: Property 'getRooms' does not exist on type '(name: string, courseId: string, maxUsers: number, createdBy: any, university?: string, technique?: string, topic?: string) => Promise<StudyRoom>'.
components/CreateRoomModal.tsx(100,70): error TS2339: Property 'getRooms' does not exist on type '(name: string, courseId: string, maxUsers: number, createdBy: any, university?: string, technique?: string, topic?: string) => Promise<StudyRoom>'.
components/gamification/LeaderboardWidget.tsx(39,92): error TS2339: Property '_id' does not exist on type 'User'.
pages/SmartStudy.tsx(21,21): error TS2307: Cannot find module 'https://cdn.jsdelivr.net/npm/mermaid@10/dist/mermaid.esm.min.mjs' or its corresponding type declarations.
